[2026-07-13 20:08:03] INFO  Iniciando escaneo
[2026-07-13 20:08:03] INFO  AK-47 | Redline (Field-Tested) escaneada correctamente
[2026-07-13 20:08:03] INFO  AWP | Asiimov (Battle-Scarred) escaneada correctamente
[2026-07-13 20:08:03] INFO  USP-S | Printstream (Field-Tested) escaneada correctamente
[2026-07-13 20:08:03] INFO  Escaneo finalizado
[2026-07-13 20:09:42] INFO  Iniciando escaneo
[2026-07-13 20:09:42] INFO  AK-47 | Redline (Field-Tested) escaneada correctamente
[2026-07-13 20:09:42] INFO  AWP | Asiimov (Battle-Scarred) escaneada correctamente
[2026-07-13 20:09:42] INFO  USP-S | Printstream (Field-Tested) escaneada correctamente
[2026-07-13 20:09:42] INFO  Escaneo finalizado
[2026-07-13 20:13:03] INFO  Iniciando escaneo
[2026-07-13 20:13:03] INFO  AK-47 | Redline (Field-Tested) escaneada correctamente
[2026-07-13 20:13:03] INFO  AWP | Asiimov (Battle-Scarred) escaneada correctamente
[2026-07-13 20:13:03] INFO  USP-S | Printstream (Field-Tested) escaneada correctamente
[2026-07-13 20:13:03] INFO  Escaneo finalizado
[2026-07-13 20:17:31] INFO  Iniciando escaneo
[2026-07-13 20:17:31] INFO  AK-47 | Redline (Field-Tested) escaneada correctamente
[2026-07-13 20:17:31] INFO  AWP | Asiimov (Battle-Scarred) escaneada correctamente
[2026-07-13 20:17:31] INFO  USP-S | Printstream (Field-Tested) escaneada correctamente
[2026-07-13 20:17:31] INFO  Escaneo finalizado
[2026-07-13 20:20:42] INFO  Iniciando escaneo
[2026-07-13 20:20:42] INFO  AK-47 | Redline (Field-Tested) escaneada correctamente
[2026-07-13 20:20:42] INFO  AWP | Asiimov (Battle-Scarred) escaneada correctamente
[2026-07-13 20:20:42] INFO  USP-S | Printstream (Field-Tested) escaneada correctamente
[2026-07-13 20:20:42] INFO  Escaneo finalizado
[2026-07-13 20:21:38] INFO  Iniciando escaneo
[2026-07-13 20:21:38] INFO  AK-47 | Redline (Field-Tested) escaneada correctamente
[2026-07-13 20:21:38] INFO  AWP | Asiimov (Battle-Scarred) escaneada correctamente
[2026-07-13 20:21:38] INFO  USP-S | Printstream (Field-Tested) escaneada correctamente
[2026-07-13 20:21:38] INFO  Escaneo finalizado
